// Jest Snapshot v1, https://goo.gl/fbAQLP

exports[`shuld render expense list with empty messag 1`] = `
<div>
  <p>
    No expenses
  </p>
</div>
`;

exports[`shuld render expense list with expenses 1`] = `
<div>
  <ExpenseListItem
    amount={195}
    createdAt={0}
    description="Gum"
    id="1"
    key="1"
    note="first note"
  />
  <ExpenseListItem
    amount={109500}
    createdAt={-345600000}
    description="Rent"
    id="2"
    key="2"
    note="second note"
  />
  <ExpenseListItem
    amount={4500}
    createdAt={345600000}
    description="Credit Card"
    id="3"
    key="3"
    note="third note"
  />
</div>
`;
